[03-Sep-2026 18:01:49 Asia/Tehran] PHP Fatal error:  Uncaught PDOException: SQLSTATE[HY093]: Invalid parameter number in C:\xampp\htdocs\classes\classes\Setting.php:47
Stack trace:
#0 C:\xampp\htdocs\classes\classes\Setting.php(47): PDOStatement->execute(Array)
#1 C:\xampp\htdocs\classes\public_html\admin\settings.php(55): Setting::set('phone_required', '0')
#2 {main}
  thrown in C:\xampp\htdocs\classes\classes\Setting.php on line 47
[03-Sep-2026 18:01:59 Asia/Tehran] PHP Fatal error:  Uncaught PDOException: SQLSTATE[HY093]: Invalid parameter number in C:\xampp\htdocs\classes\classes\Setting.php:47
Stack trace:
#0 C:\xampp\htdocs\classes\classes\Setting.php(47): PDOStatement->execute(Array)
#1 C:\xampp\htdocs\classes\public_html\admin\settings.php(55): Setting::set('phone_required', '1')
#2 {main}
  thrown in C:\xampp\htdocs\classes\classes\Setting.php on line 47
[03-Sep-2026 21:22:32 Asia/Tehran] PHP Deprecated:  ZipArchive::open(): Using empty file as ZipArchive is deprecated in C:\xampp\htdocs\classes\public_html\admin\export.php on line 197
[03-Sep-2026 21:23:19 Asia/Tehran] PHP Deprecated:  ZipArchive::open(): Using empty file as ZipArchive is deprecated in C:\xampp\htdocs\classes\public_html\admin\export.php on line 197
[06-Sep-2026 19:54:08 Asia/Tehran] PHP Fatal error:  Uncaught PDOException: SQLSTATE[HY093]: Invalid parameter number in C:\xampp\htdocs\classes\classes\Setting.php:47
Stack trace:
#0 C:\xampp\htdocs\classes\classes\Setting.php(47): PDOStatement->execute(Array)
#1 C:\xampp\htdocs\classes\public_html\admin\settings.php(53): Setting::set('printing_method', 'manual')
#2 {main}
  thrown in C:\xampp\htdocs\classes\classes\Setting.php on line 47
[06-Sep-2026 19:57:28 Asia/Tehran] PHP Fatal error:  Uncaught PDOException: SQLSTATE[HY093]: Invalid parameter number in C:\xampp\htdocs\classes\classes\Setting.php:47
Stack trace:
#0 C:\xampp\htdocs\classes\classes\Setting.php(47): PDOStatement->execute(Array)
#1 C:\xampp\htdocs\classes\public_html\admin\settings.php(53): Setting::set('printing_method', 'manual')
#2 {main}
  thrown in C:\xampp\htdocs\classes\classes\Setting.php on line 47
[06-Sep-2026 19:57:42 Asia/Tehran] PHP Fatal error:  Uncaught PDOException: SQLSTATE[HY093]: Invalid parameter number in C:\xampp\htdocs\classes\classes\Setting.php:47
Stack trace:
#0 C:\xampp\htdocs\classes\classes\Setting.php(47): PDOStatement->execute(Array)
#1 C:\xampp\htdocs\classes\public_html\admin\settings.php(53): Setting::set('printing_method', 'manual')
#2 {main}
  thrown in C:\xampp\htdocs\classes\classes\Setting.php on line 47
[06-Sep-2026 20:01:07 Asia/Tehran] PHP Fatal error:  Uncaught Error: Class "PrintJob" not found in C:\xampp\htdocs\classes\public_html\admin\orders.php:355
Stack trace:
#0 {main}
  thrown in C:\xampp\htdocs\classes\public_html\admin\orders.php on line 355
[06-Sep-2026 20:01:10 Asia/Tehran] PHP Fatal error:  Uncaught Error: Class "PrintJob" not found in C:\xampp\htdocs\classes\public_html\admin\orders.php:355
Stack trace:
#0 {main}
  thrown in C:\xampp\htdocs\classes\public_html\admin\orders.php on line 355
[06-Sep-2026 20:01:15 Asia/Tehran] PHP Fatal error:  Uncaught Error: Class "PrintJob" not found in C:\xampp\htdocs\classes\public_html\admin\orders.php:355
Stack trace:
#0 {main}
  thrown in C:\xampp\htdocs\classes\public_html\admin\orders.php on line 355
[06-Sep-2026 20:01:39 Asia/Tehran] PHP Fatal error:  Uncaught Error: Class "PrintJob" not found in C:\xampp\htdocs\classes\public_html\admin\orders.php:355
Stack trace:
#0 {main}
  thrown in C:\xampp\htdocs\classes\public_html\admin\orders.php on line 355
[06-Sep-2026 20:02:24 Asia/Tehran] PHP Fatal error:  Uncaught Error: Class "PrintJob" not found in C:\xampp\htdocs\classes\public_html\admin\orders.php:355
Stack trace:
#0 {main}
  thrown in C:\xampp\htdocs\classes\public_html\admin\orders.php on line 355
[06-Sep-2026 20:02:27 Asia/Tehran] PHP Fatal error:  Uncaught Error: Class "PrintJob" not found in C:\xampp\htdocs\classes\public_html\admin\orders.php:355
Stack trace:
#0 {main}
  thrown in C:\xampp\htdocs\classes\public_html\admin\orders.php on line 355
[06-Sep-2026 20:02:32 Asia/Tehran] PHP Fatal error:  Uncaught Error: Class "PrintJob" not found in C:\xampp\htdocs\classes\public_html\admin\orders.php:355
Stack trace:
#0 {main}
  thrown in C:\xampp\htdocs\classes\public_html\admin\orders.php on line 355
[06-Sep-2026 20:13:01 Asia/Tehran] PHP Fatal error:  Uncaught Error: Call to undefined method CustomerAuth::check() in C:\xampp\htdocs\classes\public_html\receipt.php:45
Stack trace:
#0 {main}
  thrown in C:\xampp\htdocs\classes\public_html\receipt.php on line 45
[06-Sep-2026 20:23:42 Asia/Tehran] PHP Fatal error:  Uncaught Error: Call to private method PrintJob::buildPayload() from global scope in C:\xampp\htdocs\classes\public_html\receipt.php:60
Stack trace:
#0 {main}
  thrown in C:\xampp\htdocs\classes\public_html\receipt.php on line 60
[06-Sep-2026 20:34:19 Asia/Tehran] PHP Fatal error:  Uncaught Error: Call to private method PrintJob::buildPayload() from global scope in C:\xampp\htdocs\classes\public_html\receipt.php:60
Stack trace:
#0 {main}
  thrown in C:\xampp\htdocs\classes\public_html\receipt.php on line 60
[06-Sep-2026 20:35:01 Asia/Tehran] PHP Fatal error:  Uncaught Error: Call to private method PrintJob::buildPayload() from global scope in C:\xampp\htdocs\classes\public_html\receipt.php:60
Stack trace:
#0 {main}
  thrown in C:\xampp\htdocs\classes\public_html\receipt.php on line 60
[06-Sep-2026 20:39:08 Asia/Tehran] PHP Fatal error:  Uncaught Error: Call to private method PrintJob::buildPayload() from global scope in C:\xampp\htdocs\classes\public_html\receipt.php:60
Stack trace:
#0 {main}
  thrown in C:\xampp\htdocs\classes\public_html\receipt.php on line 60
[06-Sep-2026 20:39:09 Asia/Tehran] PHP Fatal error:  Uncaught Error: Call to private method PrintJob::buildPayload() from global scope in C:\xampp\htdocs\classes\public_html\receipt.php:60
Stack trace:
#0 {main}
  thrown in C:\xampp\htdocs\classes\public_html\receipt.php on line 60
[06-Sep-2026 20:42:38 Asia/Tehran] PHP Fatal error:  Uncaught Error: Call to private method PrintJob::buildPayload() from global scope in C:\xampp\htdocs\classes\public_html\receipt.php:60
Stack trace:
#0 {main}
  thrown in C:\xampp\htdocs\classes\public_html\receipt.php on line 60
[06-Sep-2026 20:42:57 Asia/Tehran] PHP Fatal error:  Uncaught Error: Call to private method PrintJob::buildPayload() from global scope in C:\xampp\htdocs\classes\public_html\receipt.php:60
Stack trace:
#0 {main}
  thrown in C:\xampp\htdocs\classes\public_html\receipt.php on line 60
[06-Sep-2026 20:44:17 Asia/Tehran] PHP Fatal error:  Uncaught Error: Call to private method PrintJob::buildPayload() from global scope in C:\xampp\htdocs\classes\public_html\receipt.php:60
Stack trace:
#0 {main}
  thrown in C:\xampp\htdocs\classes\public_html\receipt.php on line 60
[06-Sep-2026 20:44:23 Asia/Tehran] PHP Fatal error:  Uncaught Error: Call to private method PrintJob::buildPayload() from global scope in C:\xampp\htdocs\classes\public_html\receipt.php:60
Stack trace:
#0 {main}
  thrown in C:\xampp\htdocs\classes\public_html\receipt.php on line 60
[06-Sep-2026 20:46:46 Asia/Tehran] PHP Fatal error:  Uncaught Error: Call to private method PrintJob::buildPayload() from global scope in C:\xampp\htdocs\classes\public_html\receipt.php:60
Stack trace:
#0 {main}
  thrown in C:\xampp\htdocs\classes\public_html\receipt.php on line 60
[06-Sep-2026 20:46:46 Asia/Tehran] PHP Fatal error:  Uncaught Error: Call to private method PrintJob::buildPayload() from global scope in C:\xampp\htdocs\classes\public_html\receipt.php:60
Stack trace:
#0 {main}
  thrown in C:\xampp\htdocs\classes\public_html\receipt.php on line 60
[06-Sep-2026 20:47:02 Asia/Tehran] PHP Fatal error:  Uncaught Error: Call to private method PrintJob::buildPayload() from global scope in C:\xampp\htdocs\classes\public_html\receipt.php:60
Stack trace:
#0 {main}
  thrown in C:\xampp\htdocs\classes\public_html\receipt.php on line 60
[06-Sep-2026 20:47:02 Asia/Tehran] PHP Fatal error:  Uncaught Error: Call to private method PrintJob::buildPayload() from global scope in C:\xampp\htdocs\classes\public_html\receipt.php:60
Stack trace:
#0 {main}
  thrown in C:\xampp\htdocs\classes\public_html\receipt.php on line 60
[06-Sep-2026 21:52:17 Asia/Tehran] PHP Fatal error:  strict_types declaration must be the very first statement in the script in C:\xampp\htdocs\classes\templates\receipt-barista.php on line 10
[06-Sep-2026 21:52:28 Asia/Tehran] PHP Fatal error:  strict_types declaration must be the very first statement in the script in C:\xampp\htdocs\classes\templates\receipt-barista.php on line 10
[06-Sep-2026 21:53:30 Asia/Tehran] PHP Fatal error:  strict_types declaration must be the very first statement in the script in C:\xampp\htdocs\classes\templates\receipt-barista.php on line 10
[06-Sep-2026 21:56:06 Asia/Tehran] PHP Fatal error:  strict_types declaration must be the very first statement in the script in C:\xampp\htdocs\classes\templates\receipt-barista.php on line 10
[06-Sep-2026 21:56:06 Asia/Tehran] PHP Fatal error:  strict_types declaration must be the very first statement in the script in C:\xampp\htdocs\classes\templates\receipt-barista.php on line 10
[06-Sep-2026 21:56:35 Asia/Tehran] PHP Fatal error:  strict_types declaration must be the very first statement in the script in C:\xampp\htdocs\classes\templates\receipt-barista.php on line 10
[06-Sep-2026 21:56:46 Asia/Tehran] PHP Fatal error:  strict_types declaration must be the very first statement in the script in C:\xampp\htdocs\classes\templates\receipt-barista.php on line 10
[07-Sep-2026 17:52:19 Asia/Tehran] Database connection error: SQLSTATE[HY000] [2002] No connection could be made because the target machine actively refused it
[07-Sep-2026 18:07:32 Asia/Tehran] PHP Fatal error:  Uncaught Error: Call to undefined method Category::updateSortOrder() in C:\xampp\htdocs\classes\public_html\admin\menu-display.php:58
Stack trace:
#0 {main}
  thrown in C:\xampp\htdocs\classes\public_html\admin\menu-display.php on line 58
[07-Sep-2026 18:08:34 Asia/Tehran] PHP Fatal error:  Uncaught Error: Call to undefined method Category::updateSortOrder() in C:\xampp\htdocs\classes\public_html\admin\menu-display.php:58
Stack trace:
#0 {main}
  thrown in C:\xampp\htdocs\classes\public_html\admin\menu-display.php on line 58
[07-Sep-2026 18:08:39 Asia/Tehran] PHP Fatal error:  Uncaught Error: Call to undefined method Category::updateSortOrder() in C:\xampp\htdocs\classes\public_html\admin\menu-display.php:58
Stack trace:
#0 {main}
  thrown in C:\xampp\htdocs\classes\public_html\admin\menu-display.php on line 58
[07-Sep-2026 18:08:57 Asia/Tehran] PHP Fatal error:  Uncaught Error: Call to undefined method Category::updateSortOrder() in C:\xampp\htdocs\classes\public_html\admin\menu-display.php:58
Stack trace:
#0 {main}
  thrown in C:\xampp\htdocs\classes\public_html\admin\menu-display.php on line 58
[07-Sep-2026 18:08:59 Asia/Tehran] PHP Fatal error:  Uncaught Error: Call to undefined method Category::updateSortOrder() in C:\xampp\htdocs\classes\public_html\admin\menu-display.php:58
Stack trace:
#0 {main}
  thrown in C:\xampp\htdocs\classes\public_html\admin\menu-display.php on line 58
[07-Sep-2026 18:09:01 Asia/Tehran] PHP Fatal error:  Uncaught Error: Call to undefined method Category::updateSortOrder() in C:\xampp\htdocs\classes\public_html\admin\menu-display.php:58
Stack trace:
#0 {main}
  thrown in C:\xampp\htdocs\classes\public_html\admin\menu-display.php on line 58
[07-Sep-2026 18:09:29 Asia/Tehran] PHP Fatal error:  Uncaught Error: Call to undefined method Category::updateSortOrder() in C:\xampp\htdocs\classes\public_html\admin\menu-display.php:58
Stack trace:
#0 {main}
  thrown in C:\xampp\htdocs\classes\public_html\admin\menu-display.php on line 58
[07-Sep-2026 18:13:23 Asia/Tehran] PHP Fatal error:  Uncaught Error: Call to undefined method Category::updateSortOrder() in C:\xampp\htdocs\classes\public_html\admin\menu-display.php:58
Stack trace:
#0 {main}
  thrown in C:\xampp\htdocs\classes\public_html\admin\menu-display.php on line 58
[07-Sep-2026 19:44:47 Asia/Tehran] Database connection error: SQLSTATE[HY000] [2002] No connection could be made because the target machine actively refused it
[07-Sep-2026 19:44:53 Asia/Tehran] Database connection error: SQLSTATE[HY000] [2002] No connection could be made because the target machine actively refused it
[07-Sep-2026 19:44:59 Asia/Tehran] Database connection error: SQLSTATE[HY000] [2002] No connection could be made because the target machine actively refused it
[07-Sep-2026 19:45:05 Asia/Tehran] Database connection error: SQLSTATE[HY000] [2002] No connection could be made because the target machine actively refused it
[07-Sep-2026 19:45:11 Asia/Tehran] Database connection error: SQLSTATE[HY000] [2002] No connection could be made because the target machine actively refused it
[07-Sep-2026 19:45:15 Asia/Tehran] Database connection error: SQLSTATE[HY000] [2002] No connection could be made because the target machine actively refused it
[07-Sep-2026 19:45:19 Asia/Tehran] Database connection error: SQLSTATE[HY000] [2002] No connection could be made because the target machine actively refused it
[07-Sep-2026 19:45:24 Asia/Tehran] Database connection error: SQLSTATE[HY000] [2002] No connection could be made because the target machine actively refused it
[07-Sep-2026 19:45:28 Asia/Tehran] Database connection error: SQLSTATE[HY000] [2002] No connection could be made because the target machine actively refused it
[07-Sep-2026 19:45:32 Asia/Tehran] Database connection error: SQLSTATE[HY000] [2002] No connection could be made because the target machine actively refused it
[07-Sep-2026 19:45:36 Asia/Tehran] Database connection error: SQLSTATE[HY000] [2002] No connection could be made because the target machine actively refused it
[07-Sep-2026 19:45:40 Asia/Tehran] Database connection error: SQLSTATE[HY000] [2002] No connection could be made because the target machine actively refused it
[07-Sep-2026 19:45:44 Asia/Tehran] Database connection error: SQLSTATE[HY000] [2002] No connection could be made because the target machine actively refused it
[07-Sep-2026 19:45:45 Asia/Tehran] Database connection error: SQLSTATE[HY000] [2002] No connection could be made because the target machine actively refused it
[07-Sep-2026 22:31:14 Asia/Tehran] Melipayamak provider error: SOAP-ERROR: Parsing WSDL: Couldn't load from 'http://api.payamak-panel.com/post/Send.asmx?wsdl' : failed to load external entity "http://api.payamak-panel.com/post/Send.asmx?wsdl"

[07-Sep-2026 22:42:54 Asia/Tehran] PHP Deprecated:  ZipArchive::open(): Using empty file as ZipArchive is deprecated in C:\xampp\htdocs\classes\public_html\admin\export.php on line 197
[07-Sep-2026 22:46:57 Asia/Tehran] Database connection error: SQLSTATE[HY000] [1045] Access denied for user ''@'localhost' (using password: NO)
